==WARNING== Note: Running with unmodified GPU clocks. If not controlled otherwise, profiling results may be inconsistent.
==PROF== Connected to process 232757 (/home/wucb/gpu_sandbox/gpu_solver)
[GPU Sandbox] Robust Benchmarking Started...
[GPU Sandbox] Performing 5 Warm-up runs to initialize CUDA context...
[GPU Sandbox] Performing 20 Benchmark runs...
==PROF== Profiling "void cusparse::csrmv_v3_kernel<std::integral_constant<bool, (bool)0>, int, int, double, double, double, double, void>(cusparse::KernelCoeffs<T7>, const T3 *, const T2 *, const T3 *, const T4 *, T2, int, int, const T5 *, T6 *, T3 *, T7 *)": 0%....50%....100% - 6 passes
==PROF== Profiling "void cusparse::csrmv_v3_kernel<std::integral_constant<bool, (bool)0>, int, int, double, double, double, double, void>(cusparse::KernelCoeffs<T7>, const T3 *, const T2 *, const T3 *, const T4 *, T2, int, int, const T5 *, T6 *, T3 *, T7 *)": 0%....50%....100% - 6 passes
==PROF== Profiling "void cusparse::csrmv_v3_kernel<std::integral_constant<bool, (bool)0>, int, int, double, double, double, double, void>(cusparse::KernelCoeffs<T7>, const T3 *, const T2 *, const T3 *, const T4 *, T2, int, int, const T5 *, T6 *, T3 *, T7 *)": 0%....50%....100% - 6 passes
==PROF== Profiling "void cusparse::csrmv_v3_kernel<std::integral_constant<bool, (bool)0>, int, int, double, double, double, double, void>(cusparse::KernelCoeffs<T7>, const T3 *, const T2 *, const T3 *, const T4 *, T2, int, int, const T5 *, T6 *, T3 *, T7 *)": 0%....50%....100% - 6 passes
==PROF== Profiling "void cusparse::csrmv_v3_kernel<std::integral_constant<bool, (bool)0>, int, int, double, double, double, double, void>(cusparse::KernelCoeffs<T7>, const T3 *, const T2 *, const T3 *, const T4 *, T2, int, int, const T5 *, T6 *, T3 *, T7 *)": 0%....50%....100% - 6 passes
==PROF== Profiling "void cusparse::csrmv_v3_kernel<std::integral_constant<bool, (bool)0>, int, int, double, double, double, double, void>(cusparse::KernelCoeffs<T7>, const T3 *, const T2 *, const T3 *, const T4 *, T2, int, int, const T5 *, T6 *, T3 *, T7 *)": 0%....50%....100% - 6 passes
==PROF== Profiling "void cusparse::csrmv_v3_kernel<std::integral_constant<bool, (bool)0>, int, int, double, double, double, double, void>(cusparse::KernelCoeffs<T7>, const T3 *, const T2 *, const T3 *, const T4 *, T2, int, int, const T5 *, T6 *, T3 *, T7 *)": 0%....50%....100% - 6 passes
==PROF== Profiling "void cusparse::csrmv_v3_kernel<std::integral_constant<bool, (bool)0>, int, int, double, double, double, double, void>(cusparse::KernelCoeffs<T7>, const T3 *, const T2 *, const T3 *, const T4 *, T2, int, int, const T5 *, T6 *, T3 *, T7 *)": 0%....50%....100% - 6 passes
==PROF== Profiling "void cusparse::csrmv_v3_kernel<std::integral_constant<bool, (bool)0>, int, int, double, double, double, double, void>(cusparse::KernelCoeffs<T7>, const T3 *, const T2 *, const T3 *, const T4 *, T2, int, int, const T5 *, T6 *, T3 *, T7 *)": 0%....50%....100% - 6 passes
==PROF== Profiling "void cusparse::csrmv_v3_kernel<std::integral_constant<bool, (bool)0>, int, int, double, double, double, double, void>(cusparse::KernelCoeffs<T7>, const T3 *, const T2 *, const T3 *, const T4 *, T2, int, int, const T5 *, T6 *, T3 *, T7 *)": 0%....50%....100% - 6 passes
==PROF== Profiling "void cusparse::csrmv_v3_kernel<std::integral_constant<bool, (bool)0>, int, int, double, double, double, double, void>(cusparse::KernelCoeffs<T7>, const T3 *, const T2 *, const T3 *, const T4 *, T2, int, int, const T5 *, T6 *, T3 *, T7 *)": 0%....50%....100% - 6 passes
==PROF== Profiling "void cusparse::csrmv_v3_kernel<std::integral_constant<bool, (bool)0>, int, int, double, double, double, double, void>(cusparse::KernelCoeffs<T7>, const T3 *, const T2 *, const T3 *, const T4 *, T2, int, int, const T5 *, T6 *, T3 *, T7 *)": 0%....50%....100% - 6 passes
==PROF== Profiling "void cusparse::csrmv_v3_kernel<std::integral_constant<bool, (bool)0>, int, int, double, double, double, double, void>(cusparse::KernelCoeffs<T7>, const T3 *, const T2 *, const T3 *, const T4 *, T2, int, int, const T5 *, T6 *, T3 *, T7 *)": 0%....50%....100% - 6 passes
==PROF== Profiling "void cusparse::csrmv_v3_kernel<std::integral_constant<bool, (bool)0>, int, int, double, double, double, double, void>(cusparse::KernelCoeffs<T7>, const T3 *, const T2 *, const T3 *, const T4 *, T2, int, int, const T5 *, T6 *, T3 *, T7 *)": 0%....50%....100% - 6 passes
==PROF== Profiling "void cusparse::csrmv_v3_kernel<std::integral_constant<bool, (bool)0>, int, int, double, double, double, double, void>(cusparse::KernelCoeffs<T7>, const T3 *, const T2 *, const T3 *, const T4 *, T2, int, int, const T5 *, T6 *, T3 *, T7 *)": 0%....50%....100% - 6 passes
==PROF== Profiling "void cusparse::csrmv_v3_kernel<std::integral_constant<bool, (bool)0>, int, int, double, double, double, double, void>(cusparse::KernelCoeffs<T7>, const T3 *, const T2 *, const T3 *, const T4 *, T2, int, int, const T5 *, T6 *, T3 *, T7 *)": 0%....50%....100% - 6 passes
==PROF== Profiling "void cusparse::csrmv_v3_kernel<std::integral_constant<bool, (bool)0>, int, int, double, double, double, double, void>(cusparse::KernelCoeffs<T7>, const T3 *, const T2 *, const T3 *, const T4 *, T2, int, int, const T5 *, T6 *, T3 *, T7 *)": 0%....50%....100% - 6 passes
==PROF== Profiling "void cusparse::csrmv_v3_kernel<std::integral_constant<bool, (bool)0>, int, int, double, double, double, double, void>(cusparse::KernelCoeffs<T7>, const T3 *, const T2 *, const T3 *, const T4 *, T2, int, int, const T5 *, T6 *, T3 *, T7 *)": 0%....50%....100% - 6 passes
==PROF== Profiling "void cusparse::csrmv_v3_kernel<std::integral_constant<bool, (bool)0>, int, int, double, double, double, double, void>(cusparse::KernelCoeffs<T7>, const T3 *, const T2 *, const T3 *, const T4 *, T2, int, int, const T5 *, T6 *, T3 *, T7 *)": 0%....50%....100% - 6 passes
==PROF== Profiling "void cusparse::csrmv_v3_kernel<std::integral_constant<bool, (bool)0>, int, int, double, double, double, double, void>(cusparse::KernelCoeffs<T7>, const T3 *, const T2 *, const T3 *, const T4 *, T2, int, int, const T5 *, T6 *, T3 *, T7 *)": 0%....50%....100% - 6 passes

======================================================
📊 [Robust GPU Performance Benchmark]
   - Iterations        : 711
   - Mean Solve Time   : 1.7394 seconds
   - Min (Best) Time   : 0.8052 seconds
   - Max Time          : 19.4362 seconds
   - Std Deviation     : 4.0599 seconds
======================================================

==PROF== Disconnected from process 232757
==PROF== Report: /home/wucb/gpu_sandbox/report_ncu_spmv_metrics.ncu-rep
